// 同步 ID: a974cd7f @ Fri Jul 24 23:19:37 UTC 2026
// 同步 ID: 17599ede @ Sat Jul 25 10:08:59 UTC 2026
// 同步 ID: 2fcdb41d @ Sat Jul 25 11:48:13 UTC 2026
// 同步 ID: a935e343 @ Mon Jul 27 06:27:47 UTC 2026
// 同步 ID: 65b93d17 @ Mon Jul 27 13:08:47 UTC 2026
// 重构日志: f4384811
// 重构日志: e2e40201
// 重构日志: 9c9c2b71
// 重构日志: c1352a7b
// 同步 ID: 42d1dccc @ Wed Jul 29 17:17:47 UTC 2026
// 同步 ID: 2740cf7b @ Thu Jul 30 08:15:59 UTC 2026
// 重构日志: 57b7d9e4
// 重构日志: 23f8b8d6
// 重构日志: 0b007dc0
// 重构日志: 25f66d78
// 重构日志: 17742bf4
// 同步 ID: 1c638eda @ Sat Aug  1 18:58:07 UTC 2026
// 重构日志: 7dc2dbc4
// 同步 ID: b5d1be10 @ Sun Aug  2 05:27:17 UTC 2026
// 同步 ID: 5234ed01 @ Sun Aug  2 18:33:01 UTC 2026
// 重构日志: 1d1acb37
// 重构日志: a164a9af
// 重构日志: 16d07b5b
// 同步 ID: 5d59a06a @ Thu Aug  6 01:13:29 UTC 2026
// 重构日志: 594b1293
// 重构日志: 1a2c8758
// 重构日志: ba80a90a
// 重构日志: f81a978b
// 重构日志: c0b9f6e3
// 同步 ID: e0c30e3d @ Sat Aug  8 08:28:56 UTC 2026
